============================= test session starts =============================
platform win32 -- Python 3.12.9, pytest-9.0.2, pluggy-1.5.0 -- C:\Users\paulolacerda\AppData\Local\miniconda3\python.exe
cachedir: .pytest_cache
rootdir: C:\Users\paulolacerda\workspace\live-voice-practice\backend
configfile: pytest.ini
plugins: anyio-4.10.0, asyncio-1.3.0, mock-3.15.1
asyncio: mode=Mode.STRICT, debug=False, asyncio_default_fixture_loop_scope=None, asyncio_default_test_loop_scope=function
collecting ... collected 17 items

tests/unit/test_managers.py::TestScenarioManager::test_scenario_manager_without_cosmos_endpoint PASSED [  5%]
tests/unit/test_managers.py::TestScenarioManager::test_scenario_manager_with_valid_scenarios PASSED [ 11%]
tests/unit/test_managers.py::TestScenarioManager::test_build_system_prompt_contains_all_sections PASSED [ 17%]
tests/unit/test_managers.py::TestScenarioManager::test_build_system_prompt_includes_transcripts PASSED [ 23%]
tests/unit/test_managers.py::TestScenarioManager::test_load_transcript_returns_none_for_missing PASSED [ 29%]
tests/unit/test_managers.py::TestScenarioManager::test_load_transcript_reads_existing_file PASSED [ 35%]
tests/unit/test_managers.py::TestScenarioManager::test_get_scenario_existing PASSED [ 41%]
tests/unit/test_managers.py::TestScenarioManager::test_get_scenario_nonexistent PASSED [ 47%]
tests/unit/test_managers.py::TestScenarioManager::test_list_scenarios PASSED [ 52%]
tests/unit/test_managers.py::TestAgentManager::test_create_agent_success_local PASSED [ 58%]
tests/unit/test_managers.py::TestAgentManager::test_create_agent_success_azure PASSED [ 64%]
tests/unit/test_managers.py::TestAgentManager::test_get_agent_existing PASSED [ 70%]
tests/unit/test_managers.py::TestAgentManager::test_get_agent_nonexistent PASSED [ 76%]
tests/unit/test_managers.py::TestAgentManager::test_delete_agent_existing PASSED [ 82%]
tests/unit/test_managers.py::TestAgentManager::test_delete_agent_nonexistent PASSED [ 88%]
tests/unit/test_managers.py::TestAgentManager::test_delete_agent_local PASSED [ 94%]
tests/unit/test_managers.py::TestAgentManager::test_delete_agent_azure PASSED [100%]

======================= 17 passed in 114.30s (0:01:54) ========================
